--------------------------------------------------------------------------------
Release 14.2 Trace  (nt64)
Copyright (c) 1995-2012 Xilinx, Inc.  All rights reserved.

C:\Xilinx\14.2\ISE_DS\ISE\bin\nt64\unwrapped\trce.exe -e 3 -xml system.twx
system.ncd system.pcf

Design file:              system.ncd
Physical constraint file: system.pcf
Device,package,speed:     xc6slx45,csg324,C,-3 (PRODUCTION 1.22 2012-07-09)
Report level:             error report

Environment Variable      Effect 
--------------------      ------ 
NONE                      No environment variables were set
--------------------------------------------------------------------------------

WARNING:Timing:3223 - Timing constraint PATH 
   "TS_TIG_MCB_DDR2_CALIB_DONE_SYNCH_path" TIG; ignored during timing analysis.
INFO:Timing:3386 - Intersecting Constraints found and resolved.  For more 
   information, see the TSI report.  Please consult the Xilinx Command Line 
   Tools User Guide for information on generating a TSI report.
INFO:Timing:3412 - To improve timing, see the Timing Closure User Guide (UG612).
INFO:Timing:2752 - To get complete path coverage, use the unconstrained paths 
   option. All paths that are not constrained will be reported in the 
   unconstrained paths section(s) of the report.
INFO:Timing:3339 - The clock-to-out numbers in this timing report are based on 
   a 50 Ohm transmission line loading model.  For the details of this model, 
   and for more information on accounting for different loading conditions, 
   please see the device datasheet.

================================================================================
Timing constraint: PATH "TS_TIG_microblaze_0_Reset_path" TIG;

 3 paths analyzed, 3 endpoints analyzed, 0 failing endpoints
 0 timing errors detected. (0 setup errors, 0 hold errors)
--------------------------------------------------------------------------------

================================================================================
Timing constraint: PATH "TS_axi4_0_reset_resync_path" TIG;

 24 paths analyzed, 24 endpoints analyzed, 0 failing endpoints
 0 timing errors detected. (0 setup errors, 0 hold errors)
--------------------------------------------------------------------------------

================================================================================
Timing constraint: PATH "TS_axi4lite_0_reset_resync_path" TIG;

 24 paths analyzed, 24 endpoints analyzed, 0 failing endpoints
 0 timing errors detected. (0 setup errors, 0 hold errors)
--------------------------------------------------------------------------------

================================================================================
Timing constraint: PATH "TS_TIG_MCB_DDR2_CALIB_DONE_SYNCH_path" TIG;

 0 paths analyzed, 0 endpoints analyzed, 0 failing endpoints
 0 timing errors detected.
--------------------------------------------------------------------------------

================================================================================
Timing constraint: PATH "TS_TIG_MCB_DDR2_SYS_RST_SYNCH_path" TIG;

 1 path analyzed, 1 endpoint analyzed, 0 failing endpoints
 0 timing errors detected. (0 setup errors, 0 hold errors)
--------------------------------------------------------------------------------

================================================================================
Timing constraint: PATH "TS_TIG_microblaze_0_dlmb_POR_FF_I_path" TIG;

 1 path analyzed, 1 endpoint analyzed, 0 failing endpoints
 0 timing errors detected. (0 setup errors, 0 hold errors)
--------------------------------------------------------------------------------

================================================================================
Timing constraint: PATH "TS_TIG_microblaze_0_ilmb_POR_FF_I_path" TIG;

 1 path analyzed, 1 endpoint analyzed, 0 failing endpoints
 0 timing errors detected. (0 setup errors, 0 hold errors)
--------------------------------------------------------------------------------

================================================================================
Timing constraint: TS_sys_clk_pin = PERIOD TIMEGRP "sys_clk_pin" 100 MHz HIGH 
50%;
For more information, see Period Analysis in the Timing Closure User Guide (UG612).

 0 paths analyzed, 0 endpoints analyzed, 0 failing endpoints
 0 timing errors detected. (0 component switching limit errors)
 Minimum period is   3.334ns.
--------------------------------------------------------------------------------

================================================================================
Timing constraint: TS_CAMA_PCLK_I = PERIOD TIMEGRP "CAMA_PCLK_I" 80 MHz HIGH 
50%;
For more information, see Period Analysis in the Timing Closure User Guide (UG612).

 711 paths analyzed, 551 endpoints analyzed, 0 failing endpoints
 0 timing errors detected. (0 setup errors, 0 hold errors, 0 component switching limit errors)
 Minimum period is   4.216ns.
--------------------------------------------------------------------------------

================================================================================
Timing constraint: TS_CAMB_PCLK_I = PERIOD TIMEGRP "CAMB_PCLK_I" 80 MHz HIGH 
50%;
For more information, see Period Analysis in the Timing Closure User Guide (UG612).

 711 paths analyzed, 551 endpoints analyzed, 0 failing endpoints
 0 timing errors detected. (0 setup errors, 0 hold errors, 0 component switching limit errors)
 Minimum period is   5.577ns.
--------------------------------------------------------------------------------

================================================================================
Timing constraint: TS_clock_generator_0_clock_generator_0_SIG_PLL0_CLKOUT3 = 
PERIOD TIMEGRP         "clock_generator_0_clock_generator_0_SIG_PLL0_CLKOUT3" 
TS_sys_clk_pin         * 0.25 HIGH 50%;
For more information, see Period Analysis in the Timing Closure User Guide (UG612).

 40098 paths analyzed, 6304 endpoints analyzed, 0 failing endpoints
 0 timing errors detected. (0 setup errors, 0 hold errors, 0 component switching limit errors)
 Minimum period is  26.872ns.
--------------------------------------------------------------------------------

================================================================================
Timing constraint: TS_clk_600_0000MHz180PLL0_nobuf = PERIOD TIMEGRP         
"clk_600_0000MHz180PLL0_nobuf" TS_sys_clk_pin * 6 PHASE 0.833333333 ns         
HIGH 50%;
For more information, see Period Analysis in the Timing Closure User Guide (UG612).

 0 paths analyzed, 0 endpoints analyzed, 0 failing endpoints
 0 timing errors detected. (0 component switching limit errors)
 Minimum period is   1.499ns.
--------------------------------------------------------------------------------

================================================================================
Timing constraint: TS_clock_generator_0_clock_generator_0_SIG_PLL0_CLKOUT5 = 
PERIOD TIMEGRP         "clock_generator_0_clock_generator_0_SIG_PLL0_CLKOUT5" 
TS_sys_clk_pin         * 0.24 PHASE 20.8333333 ns HIGH 50%;
For more information, see Period Analysis in the Timing Closure User Guide (UG612).

 0 paths analyzed, 0 endpoints analyzed, 0 failing endpoints
 0 timing errors detected. (0 component switching limit errors)
 Minimum period is   1.730ns.
--------------------------------------------------------------------------------

================================================================================
Timing constraint: TS_clk_600_0000MHzPLL0_nobuf = PERIOD TIMEGRP 
"clk_600_0000MHzPLL0_nobuf"         TS_sys_clk_pin * 6 HIGH 50%;
For more information, see Period Analysis in the Timing Closure User Guide (UG612).

 0 paths analyzed, 0 endpoints analyzed, 0 failing endpoints
 0 timing errors detected. (0 component switching limit errors)
 Minimum period is   1.499ns.
--------------------------------------------------------------------------------

================================================================================
Timing constraint: TS_clock_generator_0_clock_generator_0_SIG_PLL0_CLKOUT4 = 
PERIOD TIMEGRP         "clock_generator_0_clock_generator_0_SIG_PLL0_CLKOUT4" 
TS_sys_clk_pin         * 0.24 HIGH 50%;
For more information, see Period Analysis in the Timing Closure User Guide (UG612).

 6084 paths analyzed, 1468 endpoints analyzed, 0 failing endpoints
 0 timing errors detected. (0 setup errors, 0 hold errors, 0 component switching limit errors)
 Minimum period is   5.709ns.
--------------------------------------------------------------------------------

================================================================================
Timing constraint: TS_clock_generator_0_clock_generator_0_SIG_PLL0_CLKOUT2 = 
PERIOD TIMEGRP         "clock_generator_0_clock_generator_0_SIG_PLL0_CLKOUT2" 
TS_sys_clk_pin         HIGH 50%;
For more information, see Period Analysis in the Timing Closure User Guide (UG612).

 771436 paths analyzed, 34830 endpoints analyzed, 0 failing endpoints
 0 timing errors detected. (0 setup errors, 0 hold errors, 0 component switching limit errors)
 Minimum period is   9.911ns.
--------------------------------------------------------------------------------

================================================================================
Timing constraint: TS_pll_module_0_pll_module_0_CLKOUT1_BUF = PERIOD TIMEGRP    
     "pll_module_0_pll_module_0_CLKOUT1_BUF"         
TS_clock_generator_0_clock_generator_0_SIG_PLL0_CLKOUT3 HIGH 50%;
For more information, see Period Analysis in the Timing Closure User Guide (UG612).

 8299 paths analyzed, 1077 endpoints analyzed, 0 failing endpoints
 0 timing errors detected. (0 setup errors, 0 hold errors, 0 component switching limit errors)
 Minimum period is  10.663ns.
--------------------------------------------------------------------------------

================================================================================
Timing constraint: TS_pll_module_0_CLKOUT0 = PERIOD TIMEGRP 
"pll_module_0_CLKOUT0"         
TS_clock_generator_0_clock_generator_0_SIG_PLL0_CLKOUT3 * 10 HIGH 50%;
For more information, see Period Analysis in the Timing Closure User Guide (UG612).

 0 paths analyzed, 0 endpoints analyzed, 0 failing endpoints
 0 timing errors detected. (0 component switching limit errors)
--------------------------------------------------------------------------------

================================================================================
Timing constraint: TS_pll_module_0_pll_module_0_CLKOUT2_BUF = PERIOD TIMEGRP    
     "pll_module_0_pll_module_0_CLKOUT2_BUF"         
TS_clock_generator_0_clock_generator_0_SIG_PLL0_CLKOUT3 * 2 HIGH 50%;
For more information, see Period Analysis in the Timing Closure User Guide (UG612).

 269 paths analyzed, 149 endpoints analyzed, 0 failing endpoints
 0 timing errors detected. (0 setup errors, 0 hold errors, 0 component switching limit errors)
 Minimum period is   5.114ns.
--------------------------------------------------------------------------------

================================================================================
Timing constraint: OFFSET = IN 1.25 ns VALID 7.5 ns BEFORE COMP "CAMA_PCLK_I" 
"RISING";
For more information, see Offset In Analysis in the Timing Closure User Guide (UG612).

 17 paths analyzed, 17 endpoints analyzed, 0 failing endpoints
 0 timing errors detected. (0 setup errors, 0 hold errors)
 Minimum allowable offset is   1.019ns.
--------------------------------------------------------------------------------

================================================================================
Timing constraint: OFFSET = IN 1.25 ns VALID 7.5 ns BEFORE COMP "CAMB_PCLK_I" 
"RISING";
For more information, see Offset In Analysis in the Timing Closure User Guide (UG612).

 17 paths analyzed, 17 endpoints analyzed, 0 failing endpoints
 0 timing errors detected. (0 setup errors, 0 hold errors)
 Minimum allowable offset is   0.975ns.
--------------------------------------------------------------------------------


Derived Constraint Report
Derived Constraints for TS_sys_clk_pin
+-------------------------------+-------------+-------------+-------------+-------------+-------------+-------------+-------------+
|                               |   Period    |       Actual Period       |      Timing Errors        |      Paths Analyzed       |
|           Constraint          | Requirement |-------------+-------------|-------------+-------------|-------------+-------------|
|                               |             |   Direct    | Derivative  |   Direct    | Derivative  |   Direct    | Derivative  |
+-------------------------------+-------------+-------------+-------------+-------------+-------------+-------------+-------------+
|TS_sys_clk_pin                 |     10.000ns|      3.334ns|      9.911ns|            0|            0|            0|       826186|
| TS_clock_generator_0_clock_gen|     40.000ns|     26.872ns|     10.663ns|            0|            0|        40098|         8568|
| erator_0_SIG_PLL0_CLKOUT3     |             |             |             |             |             |             |             |
|  TS_pll_module_0_pll_module_0_|     40.000ns|     10.663ns|          N/A|            0|            0|         8299|            0|
|  CLKOUT1_BUF                  |             |             |             |             |             |             |             |
|  TS_pll_module_0_CLKOUT0      |      4.000ns|          N/A|          N/A|            0|            0|            0|            0|
|  TS_pll_module_0_pll_module_0_|     20.000ns|      5.114ns|          N/A|            0|            0|          269|            0|
|  CLKOUT2_BUF                  |             |             |             |             |             |             |             |
| TS_clk_600_0000MHz180PLL0_nobu|      1.667ns|      1.499ns|          N/A|            0|            0|            0|            0|
| f                             |             |             |             |             |             |             |             |
| TS_clock_generator_0_clock_gen|     41.667ns|      1.730ns|          N/A|            0|            0|            0|            0|
| erator_0_SIG_PLL0_CLKOUT5     |             |             |             |             |             |             |             |
| TS_clk_600_0000MHzPLL0_nobuf  |      1.667ns|      1.499ns|          N/A|            0|            0|            0|            0|
| TS_clock_generator_0_clock_gen|     41.667ns|      5.709ns|          N/A|            0|            0|         6084|            0|
| erator_0_SIG_PLL0_CLKOUT4     |             |             |             |             |             |             |             |
| TS_clock_generator_0_clock_gen|     10.000ns|      9.911ns|          N/A|            0|            0|       771436|            0|
| erator_0_SIG_PLL0_CLKOUT2     |             |             |             |             |             |             |             |
+-------------------------------+-------------+-------------+-------------+-------------+-------------+-------------+-------------+

All constraints were met.


Data Sheet report:
-----------------
All values displayed in nanoseconds (ns)

Setup/Hold to clock CAMA_PCLK_I
------------+------------+------------+------------+------------+-------------------------------------+--------+
            |Max Setup to|  Process   |Max Hold to |  Process   |                                     | Clock  |
Source      | clk (edge) |   Corner   | clk (edge) |   Corner   |Internal Clock(s)                    | Phase  |
------------+------------+------------+------------+------------+-------------------------------------+--------+
CAMA_D_I<0> |    0.919(R)|      FAST  |    0.059(R)|      SLOW  |vmodcam_0/vmodcam_0/USER_LOGIC_I/CLKA|   0.000|
CAMA_D_I<1> |    0.738(R)|      FAST  |    0.226(R)|      SLOW  |vmodcam_0/vmodcam_0/USER_LOGIC_I/CLKA|   0.000|
CAMA_D_I<2> |    0.848(R)|      FAST  |    0.128(R)|      SLOW  |vmodcam_0/vmodcam_0/USER_LOGIC_I/CLKA|   0.000|
CAMA_D_I<3> |    1.019(R)|      FAST  |   -0.067(R)|      SLOW  |vmodcam_0/vmodcam_0/USER_LOGIC_I/CLKA|   0.000|
CAMA_D_I<4> |    0.931(R)|      FAST  |    0.036(R)|      SLOW  |vmodcam_0/vmodcam_0/USER_LOGIC_I/CLKA|   0.000|
CAMA_D_I<5> |    0.540(R)|      FAST  |    0.589(R)|      SLOW  |vmodcam_0/vmodcam_0/USER_LOGIC_I/CLKA|   0.000|
CAMA_D_I<6> |    0.990(R)|      FAST  |   -0.062(R)|      SLOW  |vmodcam_0/vmodcam_0/USER_LOGIC_I/CLKA|   0.000|
CAMA_D_I<7> |    0.969(R)|      FAST  |   -0.012(R)|      SLOW  |vmodcam_0/vmodcam_0/USER_LOGIC_I/CLKA|   0.000|
CAMA_LV_I   |    0.652(R)|      FAST  |    0.204(R)|      SLOW  |vmodcam_0/vmodcam_0/USER_LOGIC_I/CLKA|   0.000|
------------+------------+------------+------------+------------+-------------------------------------+--------+

Setup/Hold to clock CAMB_PCLK_I
------------+------------+------------+------------+------------+-------------------------------------+--------+
            |Max Setup to|  Process   |Max Hold to |  Process   |                                     | Clock  |
Source      | clk (edge) |   Corner   | clk (edge) |   Corner   |Internal Clock(s)                    | Phase  |
------------+------------+------------+------------+------------+-------------------------------------+--------+
CAMB_D_I<0> |    0.871(R)|      FAST  |    0.172(R)|      SLOW  |vmodcam_0/vmodcam_0/USER_LOGIC_I/CLKB|   0.000|
CAMB_D_I<1> |    0.834(R)|      FAST  |    0.193(R)|      SLOW  |vmodcam_0/vmodcam_0/USER_LOGIC_I/CLKB|   0.000|
CAMB_D_I<2> |    0.873(R)|      FAST  |    0.144(R)|      SLOW  |vmodcam_0/vmodcam_0/USER_LOGIC_I/CLKB|   0.000|
CAMB_D_I<3> |    0.835(R)|      FAST  |    0.194(R)|      SLOW  |vmodcam_0/vmodcam_0/USER_LOGIC_I/CLKB|   0.000|
CAMB_D_I<4> |    0.628(R)|      FAST  |    0.482(R)|      SLOW  |vmodcam_0/vmodcam_0/USER_LOGIC_I/CLKB|   0.000|
CAMB_D_I<5> |    0.743(R)|      FAST  |    0.344(R)|      SLOW  |vmodcam_0/vmodcam_0/USER_LOGIC_I/CLKB|   0.000|
CAMB_D_I<6> |    0.963(R)|      FAST  |    0.037(R)|      SLOW  |vmodcam_0/vmodcam_0/USER_LOGIC_I/CLKB|   0.000|
CAMB_D_I<7> |    0.975(R)|      FAST  |    0.045(R)|      SLOW  |vmodcam_0/vmodcam_0/USER_LOGIC_I/CLKB|   0.000|
CAMB_LV_I   |    0.974(R)|      FAST  |   -0.050(R)|      SLOW  |vmodcam_0/vmodcam_0/USER_LOGIC_I/CLKB|   0.000|
------------+------------+------------+------------+------------+-------------------------------------+--------+

Clock to Setup on destination clock CAMA_PCLK_I
---------------+---------+---------+---------+---------+
               | Src:Rise| Src:Fall| Src:Rise| Src:Fall|
Source Clock   |Dest:Rise|Dest:Rise|Dest:Fall|Dest:Fall|
---------------+---------+---------+---------+---------+
CAMA_PCLK_I    |    4.216|         |         |         |
---------------+---------+---------+---------+---------+

Clock to Setup on destination clock CAMB_PCLK_I
---------------+---------+---------+---------+---------+
               | Src:Rise| Src:Fall| Src:Rise| Src:Fall|
Source Clock   |Dest:Rise|Dest:Rise|Dest:Fall|Dest:Fall|
---------------+---------+---------+---------+---------+
CAMB_PCLK_I    |    5.577|         |         |         |
---------------+---------+---------+---------+---------+

Clock to Setup on destination clock GCLK
---------------+---------+---------+---------+---------+
               | Src:Rise| Src:Fall| Src:Rise| Src:Fall|
Source Clock   |Dest:Rise|Dest:Rise|Dest:Fall|Dest:Fall|
---------------+---------+---------+---------+---------+
GCLK           |   13.003|         |         |         |
---------------+---------+---------+---------+---------+

OFFSET = IN 1.25 ns VALID 7.5 ns BEFORE COMP "CAMA_PCLK_I" "RISING";
Worst Case Data Window 1.608; Ideal Clock Offset To Actual Clock 2.715; 
------------------+------------+------------+------------+------------+---------+---------+-------------+
                  |            |  Process   |            |  Process   |  Setup  |  Hold   |Source Offset|
Source            |   Setup    |   Corner   |    Hold    |   Corner   |  Slack  |  Slack  |  To Center  |
------------------+------------+------------+------------+------------+---------+---------+-------------+
CAMA_D_I<0>       |    0.919(R)|      FAST  |    0.059(R)|      SLOW  |    0.331|    6.191|       -2.930|
CAMA_D_I<1>       |    0.738(R)|      FAST  |    0.226(R)|      SLOW  |    0.512|    6.024|       -2.756|
CAMA_D_I<2>       |    0.848(R)|      FAST  |    0.128(R)|      SLOW  |    0.402|    6.122|       -2.860|
CAMA_D_I<3>       |    1.019(R)|      FAST  |   -0.067(R)|      SLOW  |    0.231|    6.317|       -3.043|
CAMA_D_I<4>       |    0.931(R)|      FAST  |    0.036(R)|      SLOW  |    0.319|    6.214|       -2.948|
CAMA_D_I<5>       |    0.540(R)|      FAST  |    0.589(R)|      SLOW  |    0.710|    5.661|       -2.475|
CAMA_D_I<6>       |    0.990(R)|      FAST  |   -0.062(R)|      SLOW  |    0.260|    6.312|       -3.026|
CAMA_D_I<7>       |    0.969(R)|      FAST  |   -0.012(R)|      SLOW  |    0.281|    6.262|       -2.991|
CAMA_LV_I         |    0.652(R)|      FAST  |    0.204(R)|      SLOW  |    0.598|    6.046|       -2.724|
------------------+------------+------------+------------+------------+---------+---------+-------------+
Worst Case Summary|       1.019|         -  |       0.589|         -  |    0.231|    5.661|             |
------------------+------------+------------+------------+------------+---------+---------+-------------+

OFFSET = IN 1.25 ns VALID 7.5 ns BEFORE COMP "CAMB_PCLK_I" "RISING";
Worst Case Data Window 1.457; Ideal Clock Offset To Actual Clock 2.746; 
------------------+------------+------------+------------+------------+---------+---------+-------------+
                  |            |  Process   |            |  Process   |  Setup  |  Hold   |Source Offset|
Source            |   Setup    |   Corner   |    Hold    |   Corner   |  Slack  |  Slack  |  To Center  |
------------------+------------+------------+------------+------------+---------+---------+-------------+
CAMB_D_I<0>       |    0.871(R)|      FAST  |    0.172(R)|      SLOW  |    0.379|    6.078|       -2.850|
CAMB_D_I<1>       |    0.834(R)|      FAST  |    0.193(R)|      SLOW  |    0.416|    6.057|       -2.821|
CAMB_D_I<2>       |    0.873(R)|      FAST  |    0.144(R)|      SLOW  |    0.377|    6.106|       -2.865|
CAMB_D_I<3>       |    0.835(R)|      FAST  |    0.194(R)|      SLOW  |    0.415|    6.056|       -2.821|
CAMB_D_I<4>       |    0.628(R)|      FAST  |    0.482(R)|      SLOW  |    0.622|    5.768|       -2.573|
CAMB_D_I<5>       |    0.743(R)|      FAST  |    0.344(R)|      SLOW  |    0.507|    5.906|       -2.700|
CAMB_D_I<6>       |    0.963(R)|      FAST  |    0.037(R)|      SLOW  |    0.287|    6.213|       -2.963|
CAMB_D_I<7>       |    0.975(R)|      FAST  |    0.045(R)|      SLOW  |    0.275|    6.205|       -2.965|
CAMB_LV_I         |    0.974(R)|      FAST  |   -0.050(R)|      SLOW  |    0.276|    6.300|       -3.012|
------------------+------------+------------+------------+------------+---------+---------+-------------+
Worst Case Summary|       0.975|         -  |       0.482|         -  |    0.275|    5.768|             |
------------------+------------+------------+------------+------------+---------+---------+-------------+


Timing summary:
---------------

Timing errors: 0  Score: 0  (Setup/Max: 0, Hold: 0)

Constraints cover 827696 paths, 0 nets, and 56163 connections

Design statistics:
   Minimum period:  26.872ns   (Maximum frequency:  37.213MHz)
   Minimum input required time before clock:   1.019ns


Analysis completed Sat Apr 05 15:02:00 2014 
--------------------------------------------------------------------------------

Trace Settings:
-------------------------
Trace Settings 

Peak Memory Usage: 524 MB



